 ---------------------------------------------------------------------------------------------------------------------------------------- 
| Snapshot        | WNS                | TNS | Density (%) | Hotspot                   | Resource               | DRVs       | Layer-OPT |
|                 | HEPG (ns) | ALL (ns)     |             | Max (bins) | Total (bins) | Real (s) | Memory (MB) | Tran | Cap | Metal8    |
|-----------------+-----------+--------+-----+-------------+------------+--------------+----------+-------------+------+-----+-----------|
| initial_summary |    -0.001 | -0.001 |  -0 |       54.36 |            |              | 0:00:19  |        4024 |    0 |   0 |           |
| hold_fixing     |           | -0.001 |  -0 |       54.40 |            |              | 0:00:06  |        4102 |      |     |        15 |
| global_route    |           |        |     |             |            |              | 0:00:00  |        4102 |      |     |           |
| final_summary   |    -0.001 | -0.001 |  -0 |       54.40 |       0.00 |         0.00 | 0:00:15  |        4077 |    0 |   0 |           |
 ---------------------------------------------------------------------------------------------------------------------------------------- 
